[1m[94mpass:[39m[0m All 568 files are correctly formatted [2m(1147ms, 12 threads)[0m
[1m[31merror:[39m[0m Lint or type issues found
x eslint(no-unused-vars): Type 'BankTransactionDTO' is imported but never used.
   ,-[src/modules/finance/bank/application/useBankAccounts.ts:8:31]
 7 | import { BankMapper } from '../infrastructure/mappers'
 8 | import type { BankAccountDTO, BankTransactionDTO } from '../infrastructure/api.types'
   :                               ^^^^^^^^^|^^^^^^^^
   :                                        `-- 'BankTransactionDTO' is imported here
 9 | 
   `----
  help: Consider removing this import.

  x eslint(no-unused-vars): Identifier 'apiPostEnvelope' is imported but never used.
    ,-[src/modules/finance/ap/infrastructure/ap.adapter.ts:23:26]
 22 | } from '@/platform/workflow-runtime/models/workflows.types'
 23 | import { apiGetEnvelope, apiPostEnvelope } from '@/shared/api/http-client'
    :                          ^^^^^^^|^^^^^^^
    :                                 `-- 'apiPostEnvelope' is imported here
 24 | import { APMapper } from './mappers'
    `----
  help: Consider removing this import.

  x eslint(no-unused-vars): Identifier 'ItemSchema' is imported but never used.
    ,-[src/modules/inventory/infrastructure/inventory.adapter.ts:19:3]
 18 |   WarehouseSchema,
 19 |   ItemSchema,
    :   ^^^^^|^^^^
    :        `-- 'ItemSchema' is imported here
 20 |   ItemListSchema,
    `----
  help: Consider removing this import.

  x typescript(TS6196): 'BankTransactionDTO' is declared but never used.
   ,-[src/modules/finance/bank/application/useBankAccounts.ts:8:31]
 7 | import { BankMapper } from '../infrastructure/mappers'
 8 | import type { BankAccountDTO, BankTransactionDTO } from '../infrastructure/api.types'
   :                               ^^^^^^^^^^^^^^^^^^
 9 | 
   `----

  x typescript(TS6133): 'ItemSchema' is declared but its value is never read.
    ,-[src/modules/inventory/infrastructure/inventory.adapter.ts:19:3]
 18 |   WarehouseSchema,
 19 |   ItemSchema,
    :   ^^^^^^^^^^
 20 |   ItemListSchema,
    `----

  x typescript(TS2304): Cannot find name 'ListQuery'.
    ,-[src/modules/inventory/ui/IN3030PL/controller.ts:15:26]
 14 |   const router = useRouter()
 15 |   const query = computed<ListQuery>(() => ({
    :                          ^^^^^^^^^
 16 |     offset: gridState.pagination.value.pageIndex * gridState.pagination.value.pageSize,
    `----

  x typescript(TS6133): 'apiPostEnvelope' is declared but its value is never read.
    ,-[src/modules/finance/ap/infrastructure/ap.adapter.ts:23:26]
 22 | } from '@/platform/workflow-runtime/models/workflows.types'
 23 | import { apiGetEnvelope, apiPostEnvelope } from '@/shared/api/http-client'
    :                          ^^^^^^^^^^^^^^^
 24 | import { APMapper } from './mappers'
    `----

  x typescript(TS2304): Cannot find name 'ListQuery'.
    ,-[src/modules/finance/ap/ui/AP3010PL/controller.ts:18:26]
 17 | 
 18 |   const query = computed<ListQuery>(() => ({
    :                          ^^^^^^^^^
 19 |     offset: gridState.pagination.value.pageIndex * gridState.pagination.value.pageSize,
    `----

  ! typescript-eslint(no-base-to-string): 'value' will use Object's default stringification format ('[object Object]') when stringified.
    ,-[src/platform/semantic-runtime/registry/index.ts:14:89]
 13 |       const num = Number(value)
 14 |       if (isNaN(num)) return typeof value === 'object' ? JSON.stringify(value) : String(value)
    :                                                                                         ^^^^^
 15 | 
    `----
  help: Consider picking a property (e.g. `user.name`), using a formatter (or `JSON.stringify`), or implementing a custom `toString()`/`toLocaleString()` on the type.

  ! typescript-eslint(no-base-to-string): 'value' will use Object's default stringification format ('[object Object]') when stringified.
    ,-[src/platform/semantic-runtime/registry/index.ts:35:87]
 34 |     formatter: (value) =>
 35 |       value == null ? '' : typeof value === 'object' ? JSON.stringify(value) : String(value),
    :                                                                                       ^^^^^
 36 |     displayRendererKey: 'AppBadge',
    `----
  help: Consider picking a property (e.g. `user.name`), using a formatter (or `JSON.stringify`), or implementing a custom `toString()`/`toLocaleString()` on the type.

  ! typescript-eslint(no-base-to-string): 'value' will use Object's default stringification format ('[object Object]') when stringified.
    ,-[src/platform/semantic-runtime/registry/index.ts:50:20]
 49 |           ? JSON.stringify(value)
 50 |           : String(value)
    :                    ^^^^^
 51 |         : num.toFixed(SemanticPolicies[SemanticKind.Quantity].precision || 4)
    `----
  help: Consider picking a property (e.g. `user.name`), using a formatter (or `JSON.stringify`), or implementing a custom `toString()`/`toLocaleString()` on the type.

  ! typescript-eslint(no-base-to-string): 'value' will use Object's default stringification format ('[object Object]') when stringified.
    ,-[src/platform/semantic-runtime/registry/index.ts:79:75]
 78 |       } catch {
 79 |         return typeof value === 'object' ? JSON.stringify(value) : String(value)
    :                                                                           ^^^^^
 80 |       }
    `----
  help: Consider picking a property (e.g. `user.name`), using a formatter (or `JSON.stringify`), or implementing a custom `toString()`/`toLocaleString()` on the type.

Found 8 errors and 4 warnings in 525 files (1.4s, 12 threads)
