[1m[94mpass:[39m[0m All 568 files are correctly formatted [2m(740ms, 12 threads)[0m
[1m[31merror:[39m[0m Lint or type issues found
x typescript(TS2339): Property 'data' does not exist on type 'Operational<JournalEntry>'.
    ,-[src/modules/finance/ledger/ui/GL301000/controller.ts:44:52]
 43 |   // ── Grid Data ──
 44 |   const currentLines = computed(() => entry.value?.data.lines || [])
    :                                                    ^^^^
 45 |   const activeTab = ref('Journal Lines')
    `----

  ! typescript-eslint(no-base-to-string): 'value' will use Object's default stringification format ('[object Object]') when stringified.
    ,-[src/platform/semantic-runtime/registry/index.ts:14:89]
 13 |       const num = Number(value)
 14 |       if (isNaN(num)) return typeof value === 'object' ? JSON.stringify(value) : String(value)
    :                                                                                         ^^^^^
 15 | 
    `----
  help: Consider picking a property (e.g. `user.name`), using a formatter (or `JSON.stringify`), or implementing a custom `toString()`/`toLocaleString()` on the type.

  ! typescript-eslint(no-base-to-string): 'value' will use Object's default stringification format ('[object Object]') when stringified.
    ,-[src/platform/semantic-runtime/registry/index.ts:35:87]
 34 |     formatter: (value) =>
 35 |       value == null ? '' : typeof value === 'object' ? JSON.stringify(value) : String(value),
    :                                                                                       ^^^^^
 36 |     displayRendererKey: 'AppBadge',
    `----
  help: Consider picking a property (e.g. `user.name`), using a formatter (or `JSON.stringify`), or implementing a custom `toString()`/`toLocaleString()` on the type.

  ! typescript-eslint(no-base-to-string): 'value' will use Object's default stringification format ('[object Object]') when stringified.
    ,-[src/platform/semantic-runtime/registry/index.ts:50:20]
 49 |           ? JSON.stringify(value)
 50 |           : String(value)
    :                    ^^^^^
 51 |         : num.toFixed(SemanticPolicies[SemanticKind.Quantity].precision || 4)
    `----
  help: Consider picking a property (e.g. `user.name`), using a formatter (or `JSON.stringify`), or implementing a custom `toString()`/`toLocaleString()` on the type.

  ! typescript-eslint(no-base-to-string): 'value' will use Object's default stringification format ('[object Object]') when stringified.
    ,-[src/platform/semantic-runtime/registry/index.ts:79:75]
 78 |       } catch {
 79 |         return typeof value === 'object' ? JSON.stringify(value) : String(value)
    :                                                                           ^^^^^
 80 |       }
    `----
  help: Consider picking a property (e.g. `user.name`), using a formatter (or `JSON.stringify`), or implementing a custom `toString()`/`toLocaleString()` on the type.

Found 1 error and 4 warnings in 525 files (865ms, 12 threads)
